#!/usr/bin/env ruby

CONFIG_PATH   = "#{ENV['HOME']}/.posterousrc"
HELP_DOC      = <<DOC
## API Help ##

# Get your primary site
> Site.primary
=> <#<Posterous::Site:0x000001013e9b88> ... }>

# Get all your sites
> Site.all
=> [<#<Posterous::Site:0x000001013e9b88> ... }>]

# Get any public site
> Site.find('twoism')
=> <#<Posterous::Site:0x000001013e9b88> ... }>

# Get some posts
> s = Site.primary
> s.posts(:page => 1)
=> [<#<Posterous::Post:0x0000010138ced8> ... }>]

# Create a post and add a comment to it
> s = Site.primary
> post = s.posts.create(:title => 'Woo Hoo!')
 => <#<Posterous::Post:0x00000101398670> 
> post.comments.create(:body => 'Kittens are radical!')
=> <#<Posterous::Comment:0x0000010135f758> ... }>
DOC

def newb
  puts HELP_DOC
end

$:.unshift File.join(File.dirname(__FILE__), '..', 'lib')

%w{posterous irb fileutils}.each { |f| require f }


def setup
  @yml = YAML.load_file(CONFIG_PATH) rescue nil

  if @yml.is_a?(Hash)
    @cfg = @yml
  else
    @rc  = File.open(CONFIG_PATH, 'w')
    @cfg = {}
    puts "Email Address:"
    @cfg['username'] = gets.chomp
    begin
      puts "Password:"
      system('stty -echo')
      @cfg['password'] = gets.chomp
    rescue
    ensure
      system('stty echo')
    end
    puts "Api Token:"
    @cfg['api_token'] = gets.chomp
    @rc.puts @cfg.to_yaml
    @rc.close
  end

  Posterous.config = @cfg
  
  begin
    Posterous::User.me
  rescue Exception => e
    FileUtils.rm(CONFIG_PATH, :force => true)
    puts "*"*100
    puts "\033[31m#Invalid Login: #{e.inspect}\033[0m"
    puts "*"*100
    setup
  end
end

setup


include Posterous

def current_user
  @current_user ||= User.me
end

puts "*"*100
puts "\033[32mHi #{current_user.nickname}, welcome to the Posterous API Console! For help type `newb`.\033[0m\n"
puts "*"*100

IRB.setup(nil)
irb = IRB::Irb.new

IRB.conf[:MAIN_CONTEXT] = irb.context

irb.context.evaluate("require 'irb/completion'", 0)

trap("SIGINT") do
  irb.signal_handle
end

catch(:IRB_EXIT) do
  irb.eval_input
end
